{
  "decision_id": "550e8400-e29b-41d4-a716-446655440002",
  "policy_id": "payments.refund.v1",
  "agent_id": "550e8400-e29b-41d4-a716-446655440000",
  "owner_id": "org_12345678",
  "assurance_level": "L2",
  "allow": true,
  "reasons": [
    {
      "code": "oap.allowed",
      "message": "Transaction within limits and policy requirements"
    }
  ],
  "created_at": "2024-01-15T10:30:00Z",
  "expires_in": 3600,
  "passport_digest": "sha256:1234567890abcdef1234567890abcdef1234567890abcdef1234567890abcdef",
  "signature": "ed25519:abcd1234efgh5678ijkl9012mnop3456qrst7890uvwx1234yzab5678cdef==",
  "kid": "oap:registry:key-2025-01"
}
