{
  "decision_id": "550e8400-e29b-41d4-a716-446655440005",
  "policy_id": "data.export.create.v1",
  "agent_id": "550e8400-e29b-41d4-a716-446655440001",
  "owner_id": "org_12345678",
  "assurance_level": "L1",
  "allow": true,
  "reasons": [
    {
      "code": "oap.allowed",
      "message": "Export within limits and policy requirements"
    }
  ],
  "created_at": "2024-01-15T10:30:00Z",
  "expires_in": 3600,
  "passport_digest": "sha256:1234567890abcdef1234567890abcdef1234567890abcdef1234567890abcdef",
  "signature": "ed25519:bcde2345fghi6789jklm0123nopq4567rstu9012vwxy3456zabc7890defg==",
  "kid": "oap:registry:key-2025-01"
}
